Component: ARM Compiler 5.06 update 6 (build 750) Tool: armlink [4d35ed]

==============================================================================

Section Cross References

    prueba_prac4.o(codigo) refers to prueba_prac4.o(datos) for n


==============================================================================

Removing Unused input sections from the image.

    Removing practica4.o(codigo), (204 bytes).

1 unused section(s) (total 204 bytes) removed from the image.

==============================================================================

Image Symbol Table

    Local Symbols

    Symbol Name                              Value     Ov Type        Size  Object(Section)

    codigo                                   0x00000000   Section      108  prueba_prac4.o(codigo)
    practica4.s                              0x00000000   Number         0  practica4.o ABSOLUTE
    prueba_prac4.s                           0x00000000   Number         0  prueba_prac4.o ABSOLUTE
    datos                                    0x40000000   Section        8  prueba_prac4.o(datos)
    n                                        0x40000000   Data           4  prueba_prac4.o(datos)
    fact                                     0x40000004   Data           4  prueba_prac4.o(datos)

    Global Symbols

    Symbol Name                              Value     Ov Type        Size  Object(Section)

    BuildAttributes$$THM_ISAv1$ARM_ISAv4$S$PE$A:L22$X:L11$S22$IEEE1$IW$USESV6$~STKCKD$USESV7$~SHL$OSPACE$EBA8$STANDARDLIB$EABIv2 0x00000000   Number         0  anon$$obj.o ABSOLUTE



==============================================================================

Memory Map of the image

  Image Entry point : 0x00000000

  Load Region LR_1 (Base: 0x00000000, Size: 0x00000074, Max: 0xffffffff, ABSOLUTE)

    Execution Region ER_RO (Exec base: 0x00000000, Load base: 0x00000000, Size: 0x0000006c, Max: 0xffffffff, ABSOLUTE)

    Exec Addr    Load Addr    Size         Type   Attr      Idx    E Section Name        Object

    0x00000000   0x00000000   0x0000006c   Code   RO            7  * codigo              prueba_prac4.o


    Execution Region ER_RW (Exec base: 0x40000000, Load base: 0x0000006c, Size: 0x00000008, Max: 0xffffffff, ABSOLUTE)

    Exec Addr    Load Addr    Size         Type   Attr      Idx    E Section Name        Object

    0x40000000   0x0000006c   0x00000008   Data   RW            6    datos               prueba_prac4.o


    Execution Region ER_ZI (Exec base: 0x40000008, Load base: 0x00000074, Size: 0x00000000, Max: 0xffffffff, ABSOLUTE)

    **** No section assigned to this execution region ****


==============================================================================

Image component sizes


      Code (inc. data)   RO Data    RW Data    ZI Data      Debug   Object Name

         0          0          0          0          0         32   practica4.o
       108          8          0          8          0        284   prueba_prac4.o

    ----------------------------------------------------------------------
       108          8          0          8          0        316   Object Totals
         0          0          0          0          0          0   (incl. Generated)
         0          0          0          0          0          0   (incl. Padding)

    ----------------------------------------------------------------------
         0          0          0          0          0          0   Library Totals
         0          0          0          0          0          0   (incl. Padding)

    ----------------------------------------------------------------------

==============================================================================


      Code (inc. data)   RO Data    RW Data    ZI Data      Debug   

       108          8          0          8          0        316   Grand Totals
       108          8          0          8          0        316   ELF Image Totals
       108          8          0          8          0          0   ROM Totals

==============================================================================

    Total RO  Size (Code + RO Data)                  108 (   0.11kB)
    Total RW  Size (RW Data + ZI Data)                 8 (   0.01kB)
    Total ROM Size (Code + RO Data + RW Data)        116 (   0.11kB)

==============================================================================

