Component: ARM Compiler 5.06 update 6 (build 750) Tool: armlink [4d35ed]

==============================================================================

Section Cross References

    startup.o(RESET) refers to 839316_874912.o(codigo) for inicio
    startup.o(.text) refers to startup.o(HEAP) for Heap_Mem
    startup.o(.text) refers to startup.o(STACK) for Stack_Mem
    rand.o(codigo) refers to rand.o(datos) for rand_x
    839316_874912.o(codigo) refers to rand.o(codigo) for srand
    839316_874912.o(codigo) refers to 839316_874912.o(datos) for reloj_so


==============================================================================

Removing Unused input sections from the image.

    Removing startup.o(STACK), (2048 bytes).
    Removing startup.o(HEAP), (0 bytes).
    Removing startup.o(.text), (28 bytes).

3 unused section(s) (total 2076 bytes) removed from the image.

==============================================================================

Image Symbol Table

    Local Symbols

    Symbol Name                              Value     Ov Type        Size  Object(Section)

    RESET                                    0x00000000   Section      708  startup.o(RESET)
    839316_874912.s                          0x00000000   Number         0  839316_874912.o ABSOLUTE
    Startup.s                                0x00000000   Number         0  startup.o ABSOLUTE
    rand.s                                   0x00000000   Number         0  rand.o ABSOLUTE
    RSE_Undef                                0x00000040   ARM Code       4  startup.o(RESET)
    RSE_PAbt                                 0x00000044   ARM Code       4  startup.o(RESET)
    RSE_DAbt                                 0x00000048   ARM Code       4  startup.o(RESET)
    RSE_IRQ                                  0x0000004c   ARM Code       4  startup.o(RESET)
    RSE_FIQ                                  0x00000050   ARM Code       4  startup.o(RESET)
    RSE_Reset                                0x00000054   ARM Code       0  startup.o(RESET)
    chanel2irq                               0x00000168   Data          16  startup.o(RESET)
    SO_T                                     0x00000178   Data           4  startup.o(RESET)
    SO_E1                                    0x0000017c   Data          29  startup.o(RESET)
    SO_N                                     0x00000199   Data          48  startup.o(RESET)
    SO_E2                                    0x000001c9   Data          15  startup.o(RESET)
    RSE_SWI                                  0x000001d8   ARM Code       0  startup.o(RESET)
    SO4                                      0x0000023c   ARM Code       0  startup.o(RESET)
    codigo                                   0x40000000   Section      100  rand.o(codigo)
    codigo                                   0x40000064   Section     2336  839316_874912.o(codigo)
    RSI_reloj                                0x400006dc   ARM Code       0  839316_874912.o(codigo)
    RSI_teclado                              0x4000075c   ARM Code       0  839316_874912.o(codigo)
    datos                                    0x40000984   Section       12  rand.o(datos)
    rand_x                                   0x40000984   Data           4  rand.o(datos)
    rand_a                                   0x40000988   Data           4  rand.o(datos)
    rand_c                                   0x4000098c   Data           4  rand.o(datos)
    datos                                    0x40000990   Section      164  839316_874912.o(datos)
    reloj                                    0x40000990   Data           4  839316_874912.o(datos)
    max                                      0x40000994   Data           4  839316_874912.o(datos)
    velocidad                                0x40000998   Data           4  839316_874912.o(datos)
    mover                                    0x4000099c   Data           4  839316_874912.o(datos)
    dir1x                                    0x400009a0   Data           4  839316_874912.o(datos)
    dir1y                                    0x400009a4   Data           4  839316_874912.o(datos)
    dir2x                                    0x400009a8   Data           4  839316_874912.o(datos)
    dir2y                                    0x400009ac   Data           4  839316_874912.o(datos)
    fin                                      0x400009b0   Data           1  839316_874912.o(datos)
    reloj_so                                 0x400009b4   Data           4  839316_874912.o(datos)
    teclado_so                               0x400009b8   Data           4  839316_874912.o(datos)
    semilla                                  0x400009bc   Data           4  839316_874912.o(datos)
    posicion1                                0x400009c0   Data           4  839316_874912.o(datos)
    posicion2                                0x400009c4   Data           4  839316_874912.o(datos)
    pos_pos                                  0x400009c8   Data          12  839316_874912.o(datos)
    colis                                    0x400009d4   Data           4  839316_874912.o(datos)
    marcador                                 0x400009d8   Data           2  839316_874912.o(datos)
    cabecera                                 0x400009da   Data          12  839316_874912.o(datos)
    tam_cab                                  0x400009e6   Data           1  839316_874912.o(datos)
    pantalla_fin                             0x400009e7   Data          17  839316_874912.o(datos)
    tam_pf                                   0x400009f8   Data           1  839316_874912.o(datos)
    game_over                                0x400009f9   Data          10  839316_874912.o(datos)
    tam_go                                   0x40000a03   Data           1  839316_874912.o(datos)
    volver_jugar                             0x40000a04   Data          22  839316_874912.o(datos)
    tam_vj                                   0x40000a1a   Data           1  839316_874912.o(datos)
    acabar                                   0x40000a1b   Data          14  839316_874912.o(datos)
    tam_a                                    0x40000a29   Data           1  839316_874912.o(datos)
    mensaje_final                            0x40000a2a   Data           4  839316_874912.o(datos)
    tam_mf                                   0x40000a2e   Data           1  839316_874912.o(datos)
    newgame                                  0x40000a30   Data           4  839316_874912.o(datos)

    Global Symbols

    Symbol Name                              Value     Ov Type        Size  Object(Section)

    BuildAttributes$$THM_ISAv1$ARM_ISAv4$S$PE$A:L22$X:L11$S22$IEEE1$IW$USESV6$~STKCKD$USESV7$~SHL$OSPACE$EBA8$STANDARDLIB$EABIv2 0x00000000   Number         0  anon$$obj.o ABSOLUTE
    srand                                    0x40000000   ARM Code       4  rand.o(codigo)
    rand                                     0x4000001c   ARM Code       4  rand.o(codigo)
    inicio                                   0x40000064   ARM Code       0  839316_874912.o(codigo)



==============================================================================

Memory Map of the image

  Image Entry point : 0x00000000

  Load Region LR_IROM1 (Base: 0x00000000, Size: 0x000002c4, Max: 0x00020000, ABSOLUTE)

    Execution Region ER_IROM1 (Exec base: 0x00000000, Load base: 0x00000000, Size: 0x000002c4, Max: 0xffffffff, ABSOLUTE)

    Exec Addr    Load Addr    Size         Type   Attr      Idx    E Section Name        Object

    0x00000000   0x00000000   0x000002c4   Code   RO            3  * RESET               startup.o



  Load Region LR_IRAM1 (Base: 0x40000000, Size: 0x00000a34, Max: 0x00008000, ABSOLUTE)

    Execution Region ER_IRAM1 (Exec base: 0x40000000, Load base: 0x40000000, Size: 0x00000a34, Max: 0xffffffff, ABSOLUTE)

    Exec Addr    Load Addr    Size         Type   Attr      Idx    E Section Name        Object

    0x40000000   0x40000000   0x00000064   Code   RO           12    codigo              rand.o
    0x40000064   0x40000064   0x00000920   Code   RO           16    codigo              839316_874912.o
    0x40000984   0x40000984   0x0000000c   Data   RW           11    datos               rand.o
    0x40000990   0x40000990   0x000000a4   Data   RW           15    datos               839316_874912.o


==============================================================================

Image component sizes


      Code (inc. data)   RO Data    RW Data    ZI Data      Debug   Object Name

      2336        164          0        164          0        820   839316_874912.o
       100         12          0         12          0        268   rand.o
       708        224          0          0          0        440   startup.o

    ----------------------------------------------------------------------
      3144        400          0        176          0       1528   Object Totals
         0          0          0          0          0          0   (incl. Generated)
         0          0          0          0          0          0   (incl. Padding)

    ----------------------------------------------------------------------
         0          0          0          0          0          0   Library Totals
         0          0          0          0          0          0   (incl. Padding)

    ----------------------------------------------------------------------

==============================================================================


      Code (inc. data)   RO Data    RW Data    ZI Data      Debug   

      3144        400          0        176          0       1528   Grand Totals
      3144        400          0        176          0       1528   ELF Image Totals
      3144        400          0        176          0          0   ROM Totals

==============================================================================

    Total RO  Size (Code + RO Data)                 3144 (   3.07kB)
    Total RW  Size (RW Data + ZI Data)               176 (   0.17kB)
    Total ROM Size (Code + RO Data + RW Data)       3320 (   3.24kB)

==============================================================================

