<html>
<body>
<pre>
<h1>µVision Build Log</h1>
<h2>Tool Versions:</h2>
IDE-Version: µVision V5.26.2.0
Copyright (C) 2018 ARM Ltd and ARM Germany GmbH. All rights reserved.
License Information: jorge lucas, unizar, LIC=----
 
Tool Versions:
Toolchain:       MDK-Lite  Version: 5.26.2.0
Toolchain Path:  C:\Keil_v5\ARM\ARMCC\Bin
C Compiler:      Armcc.exe V5.06 update 6 (build 750)
Assembler:       Armasm.exe V5.06 update 6 (build 750)
Linker/Locator:  ArmLink.exe V5.06 update 6 (build 750)
Library Manager: ArmAr.exe V5.06 update 6 (build 750)
Hex Converter:   FromElf.exe V5.06 update 6 (build 750)
CPU DLL:         SARM.DLL V5.26.2.0
Dialog DLL:      DARMP.DLL V1.53.0.0
Target DLL:      UL2ARM.DLL V1.74.10.0
Dialog DLL:      TARMP.DLL V1.53.0.0
 
<h2>Project:</h2>
C:\Users\jorge\OneDrive\Documentos\Informatica\Primero\Cuatri II\Arquitectura\prac5\prac5.uvproj
Project File Date:  05/17/2024

<h2>Output:</h2>
*** Using Compiler 'V5.06 update 6 (build 750)', folder: 'C:\Keil_v5\ARM\ARMCC\Bin'
Build target 'Target 1'
assembling 839316_874912.s...
839316_874912.s(24): warning: A1581W: Added 3 bytes of padding at address 0x21
839316_874912.s(46): warning: A1581W: Added 1 bytes of padding at address 0x9f
linking...
Program Size: Code=3144 RO-data=0 RW-data=176 ZI-data=0  
".\prac5.axf" - 0 Error(s), 2 Warning(s).
Build Time Elapsed:  00:00:00
</pre>
</body>
</html>
